// Vitest Snapshot v1, https://vitest.dev/guide/snapshot.html

exports[`VueExampleHighlight > renders the correctly 1`] = `
"<div data-v-e6ee2242="" class="language-html"><pre data-v-e6ee2242="" class="language-html"><code><p>Hello world</p></code></pre>
</div>"
`;
